// Jest Snapshot v1, https://goo.gl/fbAQLP

exports[`Button component should render as expected 1`] = `
<div>
  <button
    class="py-4 border border-custom1 fs-5 bg-custom2"
    type="button"
  >
    1
  </button>
</div>
`;
