// Jest Snapshot v1, https://goo.gl/fbAQLP

exports[`Calculator component should render as expected 1`] = `
<div>
  <div
    class="col-md-9"
  >
    <div
      class="row mx-0 row-cols-4 text-center"
    >
      <div
        class="bg-custom1 text-white text-end col-12 py-4 fs-5"
        data-testid="screen"
      >
        0
      </div>
      <button
        class="py-4 border border-custom1 fs-5 bg-custom2"
        type="button"
      >
        AC
      </button>
      <button
        class="py-4 border border-custom1 fs-5 bg-custom2"
        type="button"
      >
        +/-
      </button>
      <button
        class="py-4 border border-custom1 fs-5 bg-custom2"
        type="button"
      >
        %
      </button>
      <button
        class="py-4 border border-custom1 fs-5 bg-custom3"
        type="button"
      >
        /
      </button>
      <button
        class="py-4 border border-custom1 fs-5 bg-custom2"
        type="button"
      >
        7
      </button>
      <button
        class="py-4 border border-custom1 fs-5 bg-custom2"
        type="button"
      >
        8
      </button>
      <button
        class="py-4 border border-custom1 fs-5 bg-custom2"
        type="button"
      >
        9
      </button>
      <button
        class="py-4 border border-custom1 fs-5 bg-custom3"
        type="button"
      >
        x
      </button>
      <button
        class="py-4 border border-custom1 fs-5 bg-custom2"
        type="button"
      >
        4
      </button>
      <button
        class="py-4 border border-custom1 fs-5 bg-custom2"
        type="button"
      >
        5
      </button>
      <button
        class="py-4 border border-custom1 fs-5 bg-custom2"
        type="button"
      >
        6
      </button>
      <button
        class="py-4 border border-custom1 fs-5 bg-custom3"
        type="button"
      >
        -
      </button>
      <button
        class="py-4 border border-custom1 fs-5 bg-custom2"
        type="button"
      >
        1
      </button>
      <button
        class="py-4 border border-custom1 fs-5 bg-custom2"
        type="button"
      >
        2
      </button>
      <button
        class="py-4 border border-custom1 fs-5 bg-custom2"
        type="button"
      >
        3
      </button>
      <button
        class="py-4 border border-custom1 fs-5 bg-custom3"
        type="button"
      >
        +
      </button>
      <button
        class="py-4 border border-custom1 fs-5 bg-custom2 col-6"
        type="button"
      >
        0
      </button>
      <button
        class="py-4 border border-custom1 fs-5 bg-custom2"
        type="button"
      >
        .
      </button>
      <button
        class="py-4 border border-custom1 fs-5 bg-custom3"
        type="button"
      >
        =
      </button>
    </div>
  </div>
</div>
`;
