// Jest Snapshot v1, https://goo.gl/fbAQLP

exports[`Header component should render as expected 1`] = `
<div>
  <nav
    class="navbar navbar-expand-md navbar-light bg-secondary fixed-top"
  >
    <div
      class="container-fluid"
    >
      <span
        class="navbar-brand text-white"
      >
        Math Magicians
      </span>
      <button
        aria-controls="navbarNav"
        aria-expanded="false"
        aria-label="Toggle navigation"
        class="navbar-toggler"
        data-bs-target="#navbarNav"
        data-bs-toggle="collapse"
        type="button"
      >
        <svg
          fill="currentColor"
          height="1em"
          stroke="currentColor"
          stroke-width="0"
          style="color: white; font-size: 25px;"
          viewBox="0 0 1024 1024"
          width="1em"
          xmlns="http://www.w3.org/2000/svg"
        >
          <path
            d="M904 160H120c-4.4 0-8 3.6-8 8v64c0 4.4 3.6 8 8 8h784c4.4 0 8-3.6 8-8v-64c0-4.4-3.6-8-8-8zm0 624H120c-4.4 0-8 3.6-8 8v64c0 4.4 3.6 8 8 8h784c4.4 0 8-3.6 8-8v-64c0-4.4-3.6-8-8-8zm0-312H120c-4.4 0-8 3.6-8 8v64c0 4.4 3.6 8 8 8h784c4.4 0 8-3.6 8-8v-64c0-4.4-3.6-8-8-8z"
          />
        </svg>
      </button>
      <div
        class="collapse navbar-collapse"
        id="navbarNav"
      >
        <ul
          class="navbar-nav ms-auto"
        >
          <li
            class="nav-item"
          >
            <a
              href="/"
            >
              Home
            </a>
          </li>
          <li
            class="v-line d-none d-md-block"
          />
          <li
            class="nav-item"
          >
            <a
              href="/calculate"
            >
              Calculator
            </a>
          </li>
          <li
            class="v-line d-none d-md-block"
          />
          <li
            class="nav-item"
          >
            <a
              href="/quote"
            >
              Quote
            </a>
          </li>
        </ul>
      </div>
    </div>
  </nav>
</div>
`;
